I'm sorry, but errors were detected in your script. Please correct the
errors listed below, and try again.


File "game/screens.rpy", line 1243: expected 'simple_expression' not found.
    outlines = (absolute(1), "#000000" , absolute(1) , absolute(1))
             ^

Ren'Py Version: Ren'Py 7.4.4.1439
Wed Jul 14 12:12:25 2021
